src/app/components/ProjectBoard.tsx(5,55): error TS2307: Cannot find module '@/app/actions/projects' or its corresponding type declarations.
src/app/components/ProjectBoard.tsx(6,34): error TS2307: Cannot find module '@/app/actions/tasks' or its corresponding type declarations.
src/app/components/ProjectBoard.tsx(136,25): error TS17004: Cannot use JSX unless the '--jsx' flag is provided.
src/app/components/ProjectBoard.tsx(139,9): error TS17004: Cannot use JSX unless the '--jsx' flag is provided.
src/app/components/ProjectBoard.tsx(141,13): error TS17004: Cannot use JSX unless the '--jsx' flag is provided.
src/app/components/ProjectBoard.tsx(142,17): error TS17004: Cannot use JSX unless the '--jsx' flag is provided.
src/app/components/ProjectBoard.tsx(147,25): error TS17004: Cannot use JSX unless the '--jsx' flag is provided.
src/app/components/ProjectBoard.tsx(148,29): error TS17004: Cannot use JSX unless the '--jsx' flag is provided.
src/app/components/ProjectBoard.tsx(149,33): error TS17004: Cannot use JSX unless the '--jsx' flag is provided.
src/app/components/ProjectBoard.tsx(154,25): error TS17004: Cannot use JSX unless the '--jsx' flag is provided.
src/app/components/ProjectBoard.tsx(155,29): error TS17004: Cannot use JSX unless the '--jsx' flag is provided.
src/app/components/ProjectBoard.tsx(156,33): error TS17004: Cannot use JSX unless the '--jsx' flag is provided.
src/app/components/ProjectBoard.tsx(166,17): error TS17004: Cannot use JSX unless the '--jsx' flag is provided.
src/app/components/ProjectBoard.tsx(172,17): error TS17004: Cannot use JSX unless the '--jsx' flag is provided.
src/app/components/ProjectBoard.tsx(197,9): error TS17004: Cannot use JSX unless the '--jsx' flag is provided.
src/app/components/ProjectBoard.tsx(199,17): error TS17004: Cannot use JSX unless the '--jsx' flag is provided.
src/app/components/ProjectBoard.tsx(206,21): error TS17004: Cannot use JSX unless the '--jsx' flag is provided.
src/app/components/ProjectBoard.tsx(208,25): error TS17004: Cannot use JSX unless the '--jsx' flag is provided.
src/app/components/ProjectBoard.tsx(214,21): error TS17004: Cannot use JSX unless the '--jsx' flag is provided.
src/app/components/ProjectBoard.tsx(216,29): error TS17004: Cannot use JSX unless the '--jsx' flag is provided.
src/app/components/ProjectBoard.tsx(233,30): error TS17004: Cannot use JSX unless the '--jsx' flag is provided.
src/app/components/ProjectBoard.tsx(236,9): error TS17004: Cannot use JSX unless the '--jsx' flag is provided.
src/app/components/ProjectBoard.tsx(237,13): error TS17004: Cannot use JSX unless the '--jsx' flag is provided.
src/app/components/ProjectBoard.tsx(238,17): error TS17004: Cannot use JSX unless the '--jsx' flag is provided.
src/app/components/ProjectBoard.tsx(241,21): error TS17004: Cannot use JSX unless the '--jsx' flag is provided.
src/app/components/ProjectBoard.tsx(243,21): error TS17004: Cannot use JSX unless the '--jsx' flag is provided.
src/app/components/ProjectBoard.tsx(245,29): error TS17004: Cannot use JSX unless the '--jsx' flag is provided.
src/app/components/ProjectBoard.tsx(259,9): error TS17004: Cannot use JSX unless the '--jsx' flag is provided.
src/app/components/ProjectBoard.tsx(261,13): error TS17004: Cannot use JSX unless the '--jsx' flag is provided.
src/app/components/ProjectBoard.tsx(265,17): error TS17004: Cannot use JSX unless the '--jsx' flag is provided.
src/app/components/ProjectBoard.tsx(267,21): error TS17004: Cannot use JSX unless the '--jsx' flag is provided.
src/app/components/ProjectBoard.tsx(273,25): error TS17004: Cannot use JSX unless the '--jsx' flag is provided.
src/app/components/ProjectBoard.tsx(276,21): error TS17004: Cannot use JSX unless the '--jsx' flag is provided.
src/app/components/ProjectBoard.tsx(277,25): error TS17004: Cannot use JSX unless the '--jsx' flag is provided.
src/app/components/ProjectBoard.tsx(279,29): error TS17004: Cannot use JSX unless the '--jsx' flag is provided.
src/app/components/ProjectBoard.tsx(284,17): error TS17004: Cannot use JSX unless the '--jsx' flag is provided.
src/app/components/ProjectBoard.tsx(285,21): error TS17004: Cannot use JSX unless the '--jsx' flag is provided.
src/app/components/ProjectBoard.tsx(288,21): error TS17004: Cannot use JSX unless the '--jsx' flag is provided.
src/app/components/ProjectBoard.tsx(296,17): error TS17004: Cannot use JSX unless the '--jsx' flag is provided.
src/app/components/ProjectBoard.tsx(298,25): error TS17004: Cannot use JSX unless the '--jsx' flag is provided.
src/app/components/ProjectBoard.tsx(304,17): error TS17004: Cannot use JSX unless the '--jsx' flag is provided.
src/app/components/ProjectBoard.tsx(313,9): error TS17004: Cannot use JSX unless the '--jsx' flag is provided.
src/app/components/ProjectBoard.tsx(317,13): error TS17004: Cannot use JSX unless the '--jsx' flag is provided.
src/app/components/ProjectBoard.tsx(318,17): error TS17004: Cannot use JSX unless the '--jsx' flag is provided.
src/app/components/ProjectBoard.tsx(319,21): error TS17004: Cannot use JSX unless the '--jsx' flag is provided.
src/app/components/ProjectBoard.tsx(320,21): error TS17004: Cannot use JSX unless the '--jsx' flag is provided.
src/app/components/ProjectBoard.tsx(321,25): error TS17004: Cannot use JSX unless the '--jsx' flag is provided.
src/app/components/ProjectBoard.tsx(324,25): error TS17004: Cannot use JSX unless the '--jsx' flag is provided.
src/app/components/ProjectBoard.tsx(327,49): error TS17004: Cannot use JSX unless the '--jsx' flag is provided.
src/app/components/ProjectBoard.tsx(329,29): error TS17004: Cannot use JSX unless the '--jsx' flag is provided.
src/app/components/ProjectBoard.tsx(343,9): error TS17004: Cannot use JSX unless the '--jsx' flag is provided.
src/app/components/ProjectBoard.tsx(358,13): error TS17004: Cannot use JSX unless the '--jsx' flag is provided.
src/app/components/ProjectBoard.tsx(361,13): error TS17004: Cannot use JSX unless the '--jsx' flag is provided.
src/app/components/ProjectBoard.tsx(362,17): error TS17004: Cannot use JSX unless the '--jsx' flag is provided.
src/app/components/ProjectBoard.tsx(363,17): error TS17004: Cannot use JSX unless the '--jsx' flag is provided.
src/app/components/ProjectBoard.tsx(370,17): error TS17004: Cannot use JSX unless the '--jsx' flag is provided.
